gfx/tiles_bw.db
162
35
50
50
..................................................................................................................................................................
..................................................................................................................................................................
..................................................................................................................................................................
..................................................................................................................................................................
..................................................................................................................................................................
..................................................................................................................................................................
..................................................................................................................................................................
..................................................................................................................................................................
..........................................F.......................................................................................................................
...............................................................................................j  j j ............................................................
..................................................................................................................................................................
..................................................................................................................................................................
                                                                                                                                                                 .
                                                                                                                                                                 .
                                                                                                                                             j  jj               .
                                                                                                                                                                 .
                                                                                                                                                                 .
                                               ~~~~~                                                                                                             .
                                                                                                                                                                 .
                                                                                                                                                                 .
                                                                                                     ~~~~                                                        .
                                                                                                      WW                                                         .
                                                                                                      W                          j j                             .
                                                                                                                                                                 .
                                                                                                                                                                 .
                                                                                                                                                                 .
                                                                                                                                                                 .
                                                                                               i                                                                 .
                                                                                                                                                                 .
                                                                                                                                                                 .
                                                                                                                                                                 .
                                                                                                                                                                 .
                                                                                                                                                                 .
              i                                                                                                                                                  .
..................................................................................................................................................................

