gfx/tiles_bw.db
162
35
50
50
..................................................................................................................................................................
..................................................................................................................................................................
..................................................................................................................................................................
.............................................................................................................................ooooooooooo..........................
.......................................................................................................................oooooooooooooooooooooo.....................
....................................................................................................................ooooooooooooooooooooooooo.....................
....................................................................................................oooooo.........oooooooooooooooooooooooooooo........oooo.......
.................................................................................................ooooo...ooooo.....ooooooooooooooooooooooooooo...ooooooooooo......
..........................................F.................................................................oooooooooooooooooooooooooooooooooooooooo....ooooo.....
...............................................................................................j  j j .................oooooooooooooooooooo...........ooo.oooo....
.......................................................................................................................oooooooooooooo................oooooooooo...
..............................................................................................................................................oooooooooooooo......
                                                                                                                                    ....ooooooooooooooo...........
                                                                                                                                             ooooooo..............
                                                                                                                                             j  jj               .
                                                                                                                                                                 .
                                                                                                                                                                 .
                                               ~~~~~                                                                                                             .
                                                                                                                                                                 .
                                                                                                                                                                 .
                                                                                                     ~~~~                                                        .
                                                                                                      WW                                                         .
                                                                                                      W                          j j                             .
                                                                                                                                                                 .
                                                                                                                                                                 .
                                                                                                                                                                 .
                                                                                                                                                                 .
                                                                                               i                                                                 .
                                                                                                                                                                 .
                                                                                                                                                                 .
                                                                                                                                                                 .
                                                                                                                               T                                 .
                                                                                                                                                                 .
              i                                                                                                                       i                          .
..................................................................................................................................................................

