gfx/tiles_bw.db
162
35
50
50
.......................................................................................................###########################################################
.......................................................................................................###########################################################
.......................................................................................................###########################################################
....................................................................................................[######################## j ...j.j  ##########################
.................................................................................................[#####################oooo    .........j....#####################
.................................................................................................###################ooooo                    #####################
.................................................................................................###oooooo#########oooo    ................  oo########oooo#######
.................................................................................................ooooo###ooooo#####oo   ....................oo###ooooooooooo######
...........................................................................................[################ooooooooo        #      ##     #oooooooo####ooooo#####
....................................................................................... \==========================####       .......xxxxxx###########ooo#oooo####
................................................................................\=#]...............................\###xxxxxxxxxxxxxx################oooooooooo###
..................................................................................\=/...............................\=########======##########oooooooooooooo######
                                                                                        \/                            \======/      \==#ooooooooooooooo###########
                                           T                                                                                                 ooooooo##############
                                                       \=/                                    \/                                           \======================
                                          ,,,,                ,,,                                                                                                .
                                          \=#],     ,,       \##=/                                                               \=/ \/                          .
                                            \=]     [/        \/     \==/      \=/    \/    \/   V                         V                                     .
..............................................\=====/..... ...............................................,,.............        .................................
                                                                                                   ,,    ,##,          V                                         .
                                                                                                ,,[##    ###]              V                                     .
                                                                                                [#####  #####                   #]                               .
                                                                                              [####### #####/               xxxx#====/       V                   .
                                                                                           \=###############                \===/     V                          .
                                                                                     \/      \=###############]                                V                 .
                                                                                V              \=##############]                                 V    V          .
                                                                                                 ##############=/                                                .
                                                                            \=/               ,,,##############                                           ]      .
                                                                                              [#################===/                                     \/      .
                                                                               \===/          ##################                                     \/          .
  S                                 1                              [#]               V  V     ####################],                                             .
      T    T   T      T        ,,,,   ,,,                  ,,,,,[#####     ]              ,,[######################],,            T    T       \===/             .
                             ,,[##],,,[#]        ,,,,,,,,,,[##########     ##],,         ,[##########################]    ]               ,,                     .
,,,,,,,,,,,,,,,,,,,,,,,,,,,,,[#############],,,,,[####################xxxxx####],,,,,,,,,[############################xxxx#,,,,,,,,,,,,,,,[],,,,,,,,,,           .
######################################################################################################################################################xxxxxxxxxxxx

